Copyright 1986-2019 Xilinx, Inc. All Rights Reserved.
--------------------------------------------------------------------------------------
| Tool Version : Vivado v.2019.1 (win64) Build 2552052 Fri May 24 14:49:42 MDT 2019
| Date         : Thu Mar  3 13:36:08 2022
| Host         : AaronThinkPad running 64-bit major release  (build 9200)
| Command      : report_control_sets -verbose -file top_level_control_sets_placed.rpt
| Design       : top_level
| Device       : xc7z007s
--------------------------------------------------------------------------------------

Control Set Information

Table of Contents
-----------------
1. Summary
2. Histogram
3. Flip-Flop Distribution
4. Detailed Control Set Information

1. Summary
----------

+----------------------------------------------------------+-------+
|                          Status                          | Count |
+----------------------------------------------------------+-------+
| Total control sets                                       |    18 |
|    Minimum number of control sets                        |    18 |
|    Addition due to synthesis replication                 |     0 |
|    Addition due to physical synthesis replication        |     0 |
| Unused register locations in slices containing registers |    62 |
+----------------------------------------------------------+-------+
* Control sets can be merged at opt_design using control_set_merge or merge_equivalent_drivers
** Run report_qor_suggestions for automated merging and remapping suggestions


2. Histogram
------------

+--------------------+-------+
|       Fanout       | Count |
+--------------------+-------+
| Total control sets |    18 |
| >= 0 to < 4        |     2 |
| >= 4 to < 6        |     2 |
| >= 6 to < 8        |     4 |
| >= 8 to < 10       |     1 |
| >= 10 to < 12      |     0 |
| >= 12 to < 14      |     0 |
| >= 14 to < 16      |     0 |
| >= 16              |     9 |
+--------------------+-------+
* Control sets can be remapped at either synth_design or opt_design


3. Flip-Flop Distribution
-------------------------

+--------------+-----------------------+------------------------+-----------------+--------------+
| Clock Enable | Synchronous Set/Reset | Asynchronous Set/Reset | Total Registers | Total Slices |
+--------------+-----------------------+------------------------+-----------------+--------------+
| No           | No                    | No                     |              33 |           17 |
| No           | No                    | Yes                    |              35 |           15 |
| No           | Yes                   | No                     |              53 |           15 |
| Yes          | No                    | No                     |              38 |           16 |
| Yes          | No                    | Yes                    |              32 |           10 |
| Yes          | Yes                   | No                     |              67 |           18 |
+--------------+-----------------------+------------------------+-----------------+--------------+


4. Detailed Control Set Information
-----------------------------------

+----------------+------------------------------------------------------+---------------------------------------+------------------+----------------+
|  Clock Signal  |                     Enable Signal                    |            Set/Reset Signal           | Slice Load Count | Bel Load Count |
+----------------+------------------------------------------------------+---------------------------------------+------------------+----------------+
|  clk_IBUF_BUFG |                                                      | Inst_PWM/pwm                          |                1 |              1 |
|  clk_IBUF_BUFG | Inst_lcd/pause_cnt_2                                 |                                       |                1 |              1 |
|  clk_IBUF_BUFG | Inst_i2c_adc_user/Inst_i2c_master/E[0]               | Inst_state_toggle/btn_pulse_f_reg_0   |                1 |              4 |
|  clk_IBUF_BUFG | Inst_lcd/pause_max_0                                 |                                       |                3 |              5 |
|  clk_IBUF_BUFG | Inst_lcd/Inst_i2c_master/addr_rw0                    |                                       |                2 |              6 |
|  clk_IBUF_BUFG | Inst_lcd/byteSel[5]_i_1_n_0                          | Inst_state_toggle/btn_pulse_f_reg_0   |                2 |              6 |
|  clk_IBUF_BUFG | Inst_lcd/i2c_data_1                                  |                                       |                5 |              6 |
|  clk_IBUF_BUFG | Inst_lcd/Inst_i2c_master/busy1                       | Inst_state_toggle/btn_pulse_f_reg_0   |                2 |              7 |
|  clk_IBUF_BUFG | Inst_i2c_adc_user/Inst_i2c_master/busy1              | Inst_reset_delay/SR[0]                |                4 |              9 |
|  clk_IBUF_BUFG |                                                      | Inst_reset_deb/btn_cntr[0]_i_1__0_n_0 |                4 |             16 |
|  clk_IBUF_BUFG |                                                      | Inst_state_toggle/btn_cntr[0]_i_1_n_0 |                4 |             16 |
|  clk_IBUF_BUFG | Inst_i2c_adc_user/Inst_i2c_master/data_rd[7]_i_1_n_0 | Inst_reset_delay/SR[0]                |                4 |             16 |
|  clk_IBUF_BUFG | Inst_reset_delay/sel                                 |                                       |                5 |             20 |
|  clk_IBUF_BUFG |                                                      | Inst_state_toggle/btn_pulse_f_reg_0   |                9 |             25 |
|  clk_IBUF_BUFG | Inst_lcd/pause_cnt_2                                 | Inst_lcd/pause_cnt[25]_i_1_n_0        |                7 |             25 |
|  clk_IBUF_BUFG |                                                      | Inst_reset_delay/SR[0]                |               12 |             30 |
|  clk_IBUF_BUFG | Inst_system_controller/run_clk                       | Inst_clock_gen/clock_toggler          |                8 |             32 |
|  clk_IBUF_BUFG |                                                      |                                       |               17 |             33 |
+----------------+------------------------------------------------------+---------------------------------------+------------------+----------------+


